Python MCP Test File
====================
创建时间：2026-04-06
环境：default
状态：测试成功 ✓